------------------------------------------------------------
TimeQuest Timing Analyzer Summary
------------------------------------------------------------

Type  : Slow 1200mV 85C Model Setup 'sevenSegArray:sevenSegArray_vhd|hex2dig:hex2dig_vhd|main_state.DIVIDE_STATE'
Slack : -44.365
TNS   : -832.490

Type  : Slow 1200mV 85C Model Setup 'MAX10_CLK1_50'
Slack : -1.446
TNS   : -37.635

Type  : Slow 1200mV 85C Model Setup 'u0|altpll_0|sd1|pll7|clk[0]'
Slack : 12.009
TNS   : 0.000

Type  : Slow 1200mV 85C Model Hold 'u0|altpll_0|sd1|pll7|clk[0]'
Slack : 0.397
TNS   : 0.000

Type  : Slow 1200mV 85C Model Hold 'MAX10_CLK1_50'
Slack : 0.500
TNS   : 0.000

Type  : Slow 1200mV 85C Model Hold 'sevenSegArray:sevenSegArray_vhd|hex2dig:hex2dig_vhd|main_state.DIVIDE_STATE'
Slack : 3.931
TNS   : 0.000

Type  : Slow 1200mV 85C Model Recovery 'u0|altpll_0|sd1|pll7|clk[0]'
Slack : 17.322
TNS   : 0.000

Type  : Slow 1200mV 85C Model Removal 'u0|altpll_0|sd1|pll7|clk[0]'
Slack : 1.026
TNS   : 0.000

Type  : Slow 1200mV 85C Model Minimum Pulse Width 'sevenSegArray:sevenSegArray_vhd|hex2dig:hex2dig_vhd|main_state.DIVIDE_STATE'
Slack : 0.400
TNS   : 0.000

Type  : Slow 1200mV 85C Model Minimum Pulse Width 'u0|altpll_0|sd1|pll7|clk[0]'
Slack : 9.671
TNS   : 0.000

Type  : Slow 1200mV 85C Model Minimum Pulse Width 'MAX10_CLK1_50'
Slack : 9.716
TNS   : 0.000

Type  : Slow 1200mV 85C Model Minimum Pulse Width 'u0|altpll_0|sd1|pll7|clk[1]'
Slack : 44.859
TNS   : 0.000

Type  : Slow 1200mV 0C Model Setup 'sevenSegArray:sevenSegArray_vhd|hex2dig:hex2dig_vhd|main_state.DIVIDE_STATE'
Slack : -40.370
TNS   : -760.741

Type  : Slow 1200mV 0C Model Setup 'MAX10_CLK1_50'
Slack : -1.237
TNS   : -30.926

Type  : Slow 1200mV 0C Model Setup 'u0|altpll_0|sd1|pll7|clk[0]'
Slack : 12.707
TNS   : 0.000

Type  : Slow 1200mV 0C Model Hold 'u0|altpll_0|sd1|pll7|clk[0]'
Slack : 0.358
TNS   : 0.000

Type  : Slow 1200mV 0C Model Hold 'MAX10_CLK1_50'
Slack : 0.431
TNS   : 0.000

Type  : Slow 1200mV 0C Model Hold 'sevenSegArray:sevenSegArray_vhd|hex2dig:hex2dig_vhd|main_state.DIVIDE_STATE'
Slack : 3.891
TNS   : 0.000

Type  : Slow 1200mV 0C Model Recovery 'u0|altpll_0|sd1|pll7|clk[0]'
Slack : 17.508
TNS   : 0.000

Type  : Slow 1200mV 0C Model Removal 'u0|altpll_0|sd1|pll7|clk[0]'
Slack : 0.948
TNS   : 0.000

Type  : Slow 1200mV 0C Model Minimum Pulse Width 'sevenSegArray:sevenSegArray_vhd|hex2dig:hex2dig_vhd|main_state.DIVIDE_STATE'
Slack : 0.468
TNS   : 0.000

Type  : Slow 1200mV 0C Model Minimum Pulse Width 'u0|altpll_0|sd1|pll7|clk[0]'
Slack : 9.687
TNS   : 0.000

Type  : Slow 1200mV 0C Model Minimum Pulse Width 'MAX10_CLK1_50'
Slack : 9.755
TNS   : 0.000

Type  : Slow 1200mV 0C Model Minimum Pulse Width 'u0|altpll_0|sd1|pll7|clk[1]'
Slack : 44.910
TNS   : 0.000

Type  : Fast 1200mV 0C Model Setup 'sevenSegArray:sevenSegArray_vhd|hex2dig:hex2dig_vhd|main_state.DIVIDE_STATE'
Slack : -18.015
TNS   : -332.638

Type  : Fast 1200mV 0C Model Setup 'MAX10_CLK1_50'
Slack : -0.523
TNS   : -12.487

Type  : Fast 1200mV 0C Model Setup 'u0|altpll_0|sd1|pll7|clk[0]'
Slack : 16.542
TNS   : 0.000

Type  : Fast 1200mV 0C Model Hold 'u0|altpll_0|sd1|pll7|clk[0]'
Slack : 0.152
TNS   : 0.000

Type  : Fast 1200mV 0C Model Hold 'MAX10_CLK1_50'
Slack : 0.262
TNS   : 0.000

Type  : Fast 1200mV 0C Model Hold 'sevenSegArray:sevenSegArray_vhd|hex2dig:hex2dig_vhd|main_state.DIVIDE_STATE'
Slack : 1.476
TNS   : 0.000

Type  : Fast 1200mV 0C Model Recovery 'u0|altpll_0|sd1|pll7|clk[0]'
Slack : 18.770
TNS   : 0.000

Type  : Fast 1200mV 0C Model Removal 'u0|altpll_0|sd1|pll7|clk[0]'
Slack : 0.408
TNS   : 0.000

Type  : Fast 1200mV 0C Model Minimum Pulse Width 'sevenSegArray:sevenSegArray_vhd|hex2dig:hex2dig_vhd|main_state.DIVIDE_STATE'
Slack : 0.348
TNS   : 0.000

Type  : Fast 1200mV 0C Model Minimum Pulse Width 'MAX10_CLK1_50'
Slack : 9.416
TNS   : 0.000

Type  : Fast 1200mV 0C Model Minimum Pulse Width 'u0|altpll_0|sd1|pll7|clk[0]'
Slack : 9.716
TNS   : 0.000

Type  : Fast 1200mV 0C Model Minimum Pulse Width 'u0|altpll_0|sd1|pll7|clk[1]'
Slack : 45.152
TNS   : 0.000

------------------------------------------------------------
