------------------------------------------------------------
TimeQuest Timing Analyzer Summary
------------------------------------------------------------

Type  : Slow 1200mV 85C Model Setup 'MAX10_CLK1_50'
Slack : -2.186
TNS   : -8.498

Type  : Slow 1200mV 85C Model Setup 'SW[9]'
Slack : -1.821
TNS   : -67.240

Type  : Slow 1200mV 85C Model Hold 'MAX10_CLK1_50'
Slack : 1.368
TNS   : 0.000

Type  : Slow 1200mV 85C Model Hold 'SW[9]'
Slack : 1.437
TNS   : 0.000

Type  : Slow 1200mV 85C Model Minimum Pulse Width 'MAX10_CLK1_50'
Slack : -3.000
TNS   : -71.000

Type  : Slow 1200mV 85C Model Minimum Pulse Width 'SW[9]'
Slack : -3.000
TNS   : -45.000

Type  : Slow 1200mV 0C Model Setup 'MAX10_CLK1_50'
Slack : -1.958
TNS   : -7.634

Type  : Slow 1200mV 0C Model Setup 'SW[9]'
Slack : -1.503
TNS   : -54.175

Type  : Slow 1200mV 0C Model Hold 'SW[9]'
Slack : 1.214
TNS   : 0.000

Type  : Slow 1200mV 0C Model Hold 'MAX10_CLK1_50'
Slack : 1.222
TNS   : 0.000

Type  : Slow 1200mV 0C Model Minimum Pulse Width 'MAX10_CLK1_50'
Slack : -3.000
TNS   : -71.000

Type  : Slow 1200mV 0C Model Minimum Pulse Width 'SW[9]'
Slack : -3.000
TNS   : -45.000

Type  : Fast 1200mV 0C Model Setup 'SW[9]'
Slack : -0.510
TNS   : -16.924

Type  : Fast 1200mV 0C Model Setup 'MAX10_CLK1_50'
Slack : -0.359
TNS   : -1.364

Type  : Fast 1200mV 0C Model Hold 'MAX10_CLK1_50'
Slack : 0.527
TNS   : 0.000

Type  : Fast 1200mV 0C Model Hold 'SW[9]'
Slack : 0.863
TNS   : 0.000

Type  : Fast 1200mV 0C Model Minimum Pulse Width 'MAX10_CLK1_50'
Slack : -3.000
TNS   : -83.428

Type  : Fast 1200mV 0C Model Minimum Pulse Width 'SW[9]'
Slack : -3.000
TNS   : -56.114

------------------------------------------------------------
